
> switch-code-platform@1.0.0 build
> next build

node.exe :  ΓÜá Invalid next.config.mjs options detected: 
At line:1 char:1
+ & "C:\Program Files\nodejs/node.exe" "C:\Program Files\nodejs/node_mo ...
+ ~~~~~~~~~~~~~~~~~~~~~~~~~~~~~~~~~~~~~~~~~~~~~~~~~~~~~~~~~~~~~~~~~~~~~
    + CategoryInfo          : NotSpecified: ( ΓÜá Invalid ne...ions detected: :String) [], RemoteException
    + FullyQualifiedErrorId : NativeCommandError
 
 ΓÜá     Expected object, received boolean at "experimental.serverActions"
 ΓÜá See more info here: https://nextjs.org/docs/messages/invalid-next-config
 ΓÜá Server Actions are available by default now, `experimental.serverActions` option can be safely removed.
  Γû▓ Next.js 14.2.33
  - Environments: .env.local

   Creating an optimized production build ...
 Γ£ô Compiled successfully
   Linting and checking validity of types ...
Failed to compile.

./components/instructor/ExamBuilder.tsx:242:38
Type error: Cannot find name 'FiClipboard'. Did you mean 'Clipboard'?

[0m [90m 240 |[39m                             [33m<[39m[33mdiv[39m className[33m=[39m[32m"text-center py-20 
bg-white/2 rounded-[3rem] border-2 border-dashed border-white/5"[39m[33m>[39m[0m
[0m [90m 241 |[39m                                 [33m<[39m[33mdiv[39m className[33m=[39m[32m"w-20 h-20 
bg-white/5 rounded-full flex items-center justify-center mx-auto mb-6"[39m[33m>[39m[0m
[0m[31m[1m>[22m[39m[90m 242 |[39m                                     [33m<[39m[33mFiClipboard[39m 
className[33m=[39m[32m"text-4xl text-gray-700"[39m [33m/[39m[33m>[39m[0m
[0m [90m     |[39m                                      [31m[1m^[22m[39m[0m
[0m [90m 243 |[39m                                 [33m<[39m[33m/[39m[33mdiv[39m[33m>[39m[0m
[0m [90m 244 |[39m                                 [33m<[39m[33mh3[39m className[33m=[39m[32m"text-xl 
font-black text-white uppercase tracking-tighter"[39m[33m>[39m[33mYour[39m exam is 
empty[33m<[39m[33m/[39m[33mh3[39m[33m>[39m[0m
[0m [90m 245 |[39m                                 [33m<[39m[33mp[39m className[33m=[39m[32m"text-gray-500 
font-bold mt-2"[39m[33m>[39m[33mPick[39m a question type [36mfrom[39m above to start 
building[33m.[39m[33m<[39m[33m/[39m[33mp[39m[33m>[39m[0m
Next.js build worker exited with code: 1 and signal: null
